Initialized native services in: /Users/mikhail/.gradle/native
Initialized jansi services in: /Users/mikhail/.gradle/native
Found daemon DaemonInfo{pid=2190, address=[f56e3955-3f3f-4889-917b-d8663ab00aee port:52953, addresses:[/127.0.0.1]], state=Idle, lastBusy=1782032216467, context=DefaultDaemonContext[uid=9a4b2fb5-84ab-487a-9145-142a3803d9b4,javaHome=/Applications/Android Studio.app/Contents/jbr/Contents/Home,javaVersion=21,javaVendor=JetBrains s.r.o.,daemonRegistryDir=/Users/mikhail/.gradle/daemon,pid=2190,idleTimeout=10800000,priority=NORMAL,applyInstrumentationAgent=true,nativeServicesMode=ENABLED,daemonOpts=-Xmx2048m,-Dfile.encoding=UTF-8,-Duser.country=RU,-Duser.language=ru,-Duser.variant]} however its context does not match the desired criteria.
JVM is incompatible.
Wanted: DaemonRequestContext{jvmCriteria=/Library/Java/JavaVirtualMachines/jdk-24.jdk/Contents/Home (no JDK specified, using current Java home), daemonOpts=[-Xmx2048m, -Dfile.encoding=UTF-8, -Duser.country=RU, -Duser.language=ru, -Duser.variant], applyInstrumentationAgent=true, nativeServicesMode=ENABLED, priority=NORMAL}
Actual: DefaultDaemonContext[uid=9a4b2fb5-84ab-487a-9145-142a3803d9b4,javaHome=/Applications/Android Studio.app/Contents/jbr/Contents/Home,javaVersion=21,javaVendor=JetBrains s.r.o.,daemonRegistryDir=/Users/mikhail/.gradle/daemon,pid=2190,idleTimeout=10800000,priority=NORMAL,applyInstrumentationAgent=true,nativeServicesMode=ENABLED,daemonOpts=-Xmx2048m,-Dfile.encoding=UTF-8,-Duser.country=RU,-Duser.language=ru,-Duser.variant]

  Looking for a different daemon...
The client will now receive all logging from the daemon (pid: 2672). The daemon log file: /Users/mikhail/.gradle/daemon/8.13/daemon-2672.out.log
Starting 5th build in daemon [uptime: 28 mins 28.283 secs, performance: 97%, GC rate: 0.00/s, heap usage: 0% of 2 GiB]
Using 8 worker leases.
Now considering [/Users/mikhail/Projects/Kotlin project/Ideas/SuccessDiary] as hierarchies to watch
Watching the file system is configured to be enabled if available
File system watching is active
Starting Build
Invalidating in-memory cache of /Users/mikhail/.gradle/caches/journal-1/file-access.bin
Settings evaluated using settings file '/Users/mikhail/Projects/Kotlin project/Ideas/SuccessDiary/settings.gradle.kts'.
Projects loaded. Root project using build file '/Users/mikhail/Projects/Kotlin project/Ideas/SuccessDiary/build.gradle.kts'.
Included projects: [root project 'Success Diary', project ':app', project ':data', project ':domain']

> Configure project :
Evaluating root project 'Success Diary' using build file '/Users/mikhail/Projects/Kotlin project/Ideas/SuccessDiary/build.gradle.kts'.
Resolved plugin [id: 'com.android.application', version: '8.13.0', apply: false]
Resolved plugin [id: 'org.jetbrains.kotlin.android', version: '2.0.21', apply: false]
Resolved plugin [id: 'org.jetbrains.kotlin.plugin.compose', version: '2.0.21', apply: false]
Resolved plugin [id: 'com.google.devtools.ksp', version: '2.0.21-1.0.27', apply: false]
Resolved plugin [id: 'com.google.dagger.hilt.android', version: '2.57.1', apply: false]
Resolved plugin [id: 'org.jetbrains.kotlin.jvm', version: '2.0.21', apply: false]
Resolved plugin [id: 'com.android.library', version: '8.13.0', apply: false]

> Configure project :app
Evaluating project ':app' using build file '/Users/mikhail/Projects/Kotlin project/Ideas/SuccessDiary/app/build.gradle.kts'.
Resolved plugin [id: 'com.android.application', version: '8.13.0']
Resolved plugin [id: 'org.jetbrains.kotlin.android', version: '2.0.21']
Resolved plugin [id: 'org.jetbrains.kotlin.plugin.compose', version: '2.0.21']
Resolved plugin [id: 'com.google.devtools.ksp', version: '2.0.21-1.0.27']
Resolved plugin [id: 'com.google.dagger.hilt.android', version: '2.57.1']
Using default execution profile
Using Kotlin Gradle Plugin gradle85 variant
Detected Android Gradle Plugin compose compiler configuration
Detected Android Gradle Plugin compose compiler configuration
Detected Android Gradle Plugin compose compiler configuration
Detected Android Gradle Plugin compose compiler configuration
Detected Android Gradle Plugin compose compiler configuration

> Configure project :data
Evaluating project ':data' using build file '/Users/mikhail/Projects/Kotlin project/Ideas/SuccessDiary/data/build.gradle.kts'.
Resolved plugin [id: 'com.android.library', version: '8.13.0']
Resolved plugin [id: 'org.jetbrains.kotlin.android', version: '2.0.21']
Resolved plugin [id: 'com.google.devtools.ksp', version: '2.0.21-1.0.27']
Resolved plugin [id: 'com.google.dagger.hilt.android', version: '2.57.1']
Using default execution profile
Using Kotlin Gradle Plugin gradle85 variant

> Configure project :domain
Evaluating project ':domain' using build file '/Users/mikhail/Projects/Kotlin project/Ideas/SuccessDiary/domain/build.gradle.kts'.
Resolved plugin [id: 'com.android.library', version: '8.13.0']
Resolved plugin [id: 'org.jetbrains.kotlin.android', version: '2.0.21']
Resolved plugin [id: 'com.google.devtools.ksp', version: '2.0.21-1.0.27']
Resolved plugin [id: 'com.google.dagger.hilt.android', version: '2.57.1']
Using default execution profile
Using Kotlin Gradle Plugin gradle85 variant
All projects evaluated.
Task path ':domain:testDebugUnitTest' matched project ':domain'
Task name matched 'testDebugUnitTest'

FAILURE: Build failed with an exception.

* What went wrong:
A problem occurred configuring project ':domain'.
> Could not create task ':domain:testDebugUnitTest'.
   > Could not create task of type 'AndroidUnitTest'.
      > Could not create an instance of type org.gradle.api.internal.tasks.testing.DefaultTestTaskReports.
         > Could not create an instance of type org.gradle.api.reporting.internal.DefaultReportContainer.
            > Type T not present

* Try:
> Run with --stacktrace option to get the stack trace.
> Run with --debug option to get more log output.
> Run with --scan to get full insights.
> Get more help at https://help.gradle.org.

BUILD FAILED in 9s
Watched directory hierarchies: []
